// Vitest Snapshot v1, https://vitest.dev/guide/snapshot.html

exports[`snapshots > default 1`] = `
<div
  class="min-h-screen flex flex-col bg-white dark:bg-gray-950 transition-colors duration-200"
>
  <a
    class="sr-only focus:not-sr-only focus:absolute focus:z-[100] focus:top-2 focus:left-2 focus:px-4 focus:py-2 focus:bg-cyan-600 focus:text-white focus:rounded-lg focus:outline-none"
    href="#main-content"
  >
    Skip to main content
  </a>
  <nav
    aria-label="Main navigation"
    class="border-b border-gray-200 dark:border-gray-800 bg-white/80 dark:bg-gray-900/80 backdrop-blur-sm sticky top-0 z-50 h-16"
  >
    <div
      class="px-4 sm:px-6 h-full flex items-center justify-between"
    >
      <div
        class="flex items-center gap-3"
      >
        <button
          aria-label="Open menu"
          class="md:hidden min-w-[44px] min-h-[44px] flex items-center justify-center rounded-lg text-gray-500 dark:text-gray-400 hover:text-gray-900 dark:hover:text-gray-200 hover:bg-gray-100 dark:hover:bg-gray-800"
        >
          <svg
            class="w-6 h-6"
            fill="none"
            stroke="currentColor"
            viewBox="0 0 24 24"
          >
            <path
              d="M4 6h16M4 12h16M4 18h16"
              stroke-linecap="round"
              stroke-linejoin="round"
              stroke-width="2"
            />
          </svg>
        </button>
        <a
          aria-current="page"
          class="flex items-center gap-3 min-h-[44px] active"
          data-discover="true"
          href="/"
        >
          <div
            class="w-8 h-8 rounded-lg bg-gradient-to-br from-cyan-400 to-blue-600 flex items-center justify-center text-xs font-bold text-white"
          >
            O
          </div>
          <span
            class="font-semibold text-lg hidden sm:block text-gray-900 dark:text-white"
          >
            Stellar Oracle
          </span>
        </a>
        <div
          class="hidden md:flex items-center gap-1"
        >
          <a
            aria-current="page"
            class="px-4 py-2 rounded-lg text-sm font-medium transition-colors bg-gray-100 dark:bg-gray-800 text-cyan-600 dark:text-cyan-400"
            data-discover="true"
            href="/"
          >
            Dashboard
          </a>
          <a
            class="px-4 py-2 rounded-lg text-sm font-medium transition-colors text-gray-500 dark:text-gray-400 hover:text-gray-900 dark:hover:text-gray-200 hover:bg-gray-100 dark:hover:bg-gray-800/50"
            data-discover="true"
            href="/api-docs"
          >
            API Docs
          </a>
        </div>
      </div>
      <div
        class="flex items-center gap-2"
      >
        <button
          aria-label="Toggle price alerts"
          class="relative min-w-[44px] min-h-[44px] flex items-center justify-center rounded-lg text-gray-500 dark:text-gray-400 hover:text-cyan-600 dark:hover:text-cyan-400 hover:bg-gray-100 dark:hover:bg-gray-800 transition-colors"
        >
          <svg
            class="w-5 h-5"
            fill="none"
            stroke="currentColor"
            viewBox="0 0 24 24"
          >
            <path
              d="M15 17h5l-1.405-1.405A2.032 2.032 0 0118 14.158V11a6.002 6.002 0 00-4-5.659V5a2 2 0 10-4 0v.341C7.67 6.165 6 8.388 6 11v3.159c0 .538-.214 1.055-.595 1.436L4 17h5m6 0v1a3 3 0 11-6 0v-1m6 0H9"
              stroke-linecap="round"
              stroke-linejoin="round"
              stroke-width="2"
            />
          </svg>
        </button>
      </div>
    </div>
  </nav>
  <div
    class="flex flex-1 pb-16 md:pb-0"
  >
    <main
      class="flex-1 px-4 sm:px-6 py-6 overflow-auto"
      id="main-content"
      tabindex="-1"
    >
      <div>
        Content
      </div>
    </main>
  </div>
  <nav
    aria-label="Bottom navigation"
    class="fixed bottom-0 left-0 right-0 z-40 md:hidden bg-white/90 dark:bg-gray-900/90 backdrop-blur-md border-t border-gray-200 dark:border-gray-800 safe-area-bottom"
  >
    <div
      class="flex items-center justify-around h-16"
    >
      <a
        aria-current="page"
        class="flex flex-col items-center justify-center min-w-[44px] min-h-[44px] px-3 py-1 rounded-lg transition-colors text-cyan-600 dark:text-cyan-400"
        data-discover="true"
        href="/"
      >
        <svg
          aria-hidden="true"
          class="w-6 h-6 mb-0.5"
          fill="none"
          stroke="currentColor"
          viewBox="0 0 24 24"
        >
          <path
            d="M3 12l2-2m0 0l7-7 7 7M5 10v10a1 1 0 001 1h3m10-11l2 2m-2-2v10a1 1 0 01-1 1h-3m-6 0a1 1 0 001-1v-4a1 1 0 011-1h2a1 1 0 011 1v4a1 1 0 001 1m-6 0h6"
            stroke-linecap="round"
            stroke-linejoin="round"
            stroke-width="2"
          />
        </svg>
        <span
          class="text-[10px] font-medium"
        >
          Dashboard
        </span>
      </a>
      <a
        class="flex flex-col items-center justify-center min-w-[44px] min-h-[44px] px-3 py-1 rounded-lg transition-colors text-gray-500 dark:text-gray-400 hover:text-gray-900 dark:hover:text-gray-200"
        data-discover="true"
        href="/api-docs"
      >
        <svg
          aria-hidden="true"
          class="w-6 h-6 mb-0.5"
          fill="none"
          stroke="currentColor"
          viewBox="0 0 24 24"
        >
          <path
            d="M9 12h6m-6 4h6m2 5H7a2 2 0 01-2-2V5a2 2 0 012-2h5.586a1 1 0 01.707.293l5.414 5.414a1 1 0 01.293.707V19a2 2 0 01-2 2z"
            stroke-linecap="round"
            stroke-linejoin="round"
            stroke-width="2"
          />
        </svg>
        <span
          class="text-[10px] font-medium"
        >
          API Docs
        </span>
      </a>
    </div>
  </nav>
  <footer
    class="hidden md:block border-t border-gray-200 dark:border-gray-800 py-6 text-center text-sm text-gray-400 dark:text-gray-500"
  >
    Stellar Unified Price Oracle · Developer Portal & Analytics Dashboard
  </footer>
  <div
    aria-atomic="true"
    aria-live="polite"
    class="sr-only"
    id="price-announcer"
    role="status"
  />
</div>
`;
